git --version

sudo apt-get install git

git config --global user.name "Fernando R Cervantes"
git config --global user.email "fcervant@gmail.com"

git init

git add

git rm

git commit -m "Primeiro commit"

git log

git log -1

git reset -- soft 04c6591a715fe55097586d8d6e6cae7c6f72c6ba

reset

HEAD > commit
index > stage
working tree > diretorio

reset:
-- hard : desfazer o commit, desfaz o staging e altera o diretorio
-- mix : desfazer o commit, desfaz o staging
-- soft : desfazer só o commit

git diff HEAD~3 HEAD

git diff e git apply "TESTAR !!!!""

DIFF Principais pontos da aula:

O comando git diff é capaz de trazer as diferenças entre o último commit e a versão atual dos arquivos.
É possível visualizar as diferenças entre dois commits diferentes ao utilizar suas chaves após o comando git diff.
Para salvar as mudanças em um novo arquivo, basta usar o comando git diff > nome-do-arquivo.patch.
Pode-se adicionar mudanças com arquivos .patch a partir do comando git apply nome-do-arquivo.patch.

Branch Principais pontos da aula:

O conceito de branch funciona para ramificar uma versão do repositório, ou seja, criar um “galho”.
Ao utilizar o comando git branch, é possível visualizar todas as branchs existentes no repositório.
Para criar uma branch, basta executar o comando git branch nome-da-branch.
Com o comando git checkout nome-da-branch, é possível alternar entre as branchs do repositório.
É possível utilizar o comando git diff para verificar as diferenças entre as branchs.
Arquivos .patch são atrelados às branchs em que são criados.

usage: git [--version] [--help] [-C <path>] [-c <name>=<value>]
[--exec-path[=<path>]] [--html-path] [--man-path] [--info-path]
[-p | --paginate | -P | --no-pager] [--no-replace-objects] [--bare]
[--git-dir=<path>] [--work-tree=<path>] [--namespace=<name>]
<command> [<args>]

These are common Git commands used in various situations:

start a working area (see also: git help tutorial)
clone Clone a repository into a new directory
init Create an empty Git repository or reinitialize an existing one

work on the current change (see also: git help everyday)
add Add file contents to the index
mv Move or rename a file, a directory, or a symlink
restore Restore working tree files
rm Remove files from the working tree and from the index
sparse-checkout Initialize and modify the sparse-checkout

examine the history and state (see also: git help revisions)
bisect Use binary search to find the commit that introduced a bug
diff Show changes between commits, commit and working tree, etc
grep Print lines matching a pattern
log Show commit logs
show Show various types of objects
status Show the working tree status

grow, mark and tweak your common history
branch List, create, or delete branches
commit Record changes to the repository
merge Join two or more development histories together
rebase Reapply commits on top of another base tip
reset Reset current HEAD to the specified state
switch Switch branches
tag Create, list, delete or verify a tag object signed with GPG

collaborate (see also: git help workflows)
fetch Download objects and refs from another repository
pull Fetch from and integrate with another repository or a local branch
push Update remote refs along with associated objects

'git help -a' and 'git help -g' list available subcommands and some
concept guides. See 'git help <command>' or 'git help <concept>'
to read about a specific subcommand or concept.
See 'git help git' for an overview of the system.

git flow!!!

	

fernandorc@fernandorc-VirtualBox:~/Documentos/aulaGITFlow$ git branch -D projeto_v1
<<<<<<< HEAD
Deleted branch projeto_v1 (was 69e94d2).
fernandorc@fernandorc-VirtualBox:~/Documentos/aulaGITFlow$ git branch -D projeto_v2
Deleted branch projeto_v2 (was b17b430).
fernandorc@fernandorc-VirtualBox:~/Documentos/aulaGITFlow$ git branch

- master
  fernandorc@fernandorc-VirtualBox:~/Documentos/aulaGITFlow$ git branch develop
  fernandorc@fernandorc-VirtualBox:~/Documentos/aulaGITFlow$ git branch
  develop
- master
  fernandorc@fernandorc-VirtualBox:~/Documentos/aulaGITFlow$ git flow init -f

fernandorc@fernandorc-VirtualBox:~/Documentos/aulaGITFlow$ git flow init -f

Which branch should be used for bringing forth production releases?

- develop
- master
  Branch name for production releases: [master]

Which branch should be used for integration of the "next release"?

- develop
  Branch name for "next release" development: [develop]

How to name your supporting branch prefixes?

fernandorc@fernandorc-VirtualBox:~/Documentos/aulaGITFlow$ git flow feature start \_campo_nome
error: Your local changes to the following files would be overwritten by checkout:
comandosGIT
Please commit your changes or stash them before you switch branches.
Aborting
Fatal: Could not create feature branch 'feature/\_campo_nome'.

=======

> > > > > > > release/\_1.0.3

fernandorc@fernandorc-VirtualBox:~/Documentos/aulaGITFlow$ git flow init -f

Which branch should be used for bringing forth production releases?

- develop
- master
  Branch name for production releases: [master]

Which branch should be used for integration of the "next release"?

- develop
  Branch name for "next release" development: [develop]

How to name your supporting branch prefixes?
Feature branches? [feature/]
Bugfix branches? [bugfix/]
Release branches? [release/]
Hotfix branches? [hotfix/]
Support branches? [support/]
Version tag prefix? []
Hooks and filters directory? [/home/fernandorc/Documentos/aulaGITFlow/.git/hooks]
fernandorc@fernandorc-VirtualBox:~/Documentos/aulaGITFlow$ git branch
develop

- master

fernandorc@fernandorc-VirtualBox:~/Documentos/aulaGITFlow$ git flow feature start \_campo_nome
Switched to a new branch 'feature/\_campo_nome'

Summary of actions:

- A new branch 'feature/\_campo_nome' was created, based on 'develop'
- You are now on branch 'feature/\_campo_nome'

Now, start committing on your feature. When done, use:

     git flow feature finish _campo_nome

fernandorc@fernandorc-VirtualBox:~/Documentos/aulaGITFlow$ code --version
1.71.0
784b0177c56c607789f9638da7b6bf3230d47a8c
x64
fernandorc@fernandorc-VirtualBox:~/Documentos/aulaGITFlow$ git config --global core.editor "code --wait"
fernandorc@fernandorc-VirtualBox:~/Documentos/aulaGITFlow$ git commit

fernandorc@fernandorc-VirtualBox:~/Documentos/aulaGITFlow$ git flow feature finish \_campo_nome
Deleted branch feature/\_campo_nome (was f9bbb6d).

Summary of actions:

- The feature branch 'feature/\_campo_nome' was merged into 'develop'
- Feature branch 'feature/\_campo_nome' has been locally deleted
- You are now on branch 'develop'

fernandorc@fernandorc-VirtualBox:~/Documentos/aulaGITFlow$

Segundo exemplo

fernandorc@fernandorc-VirtualBox:~/Documentos/aulaGITFlow$ git checkout -b feature/\_incluir_endereco
Switched to a new branch 'feature/\_incluir_endereco'
fernandorc@fernandorc-VirtualBox:~/Documentos/aulaGITFlow$ git add -A
fernandorc@fernandorc-VirtualBox:~/Documentos/aulaGITFlow$ git commit -m "ajuste inclusão endereco"
[feature/_incluir_endereco 9f51268] ajuste inclusão endereco
2 files changed, 18 insertions(+)
fernandorc@fernandorc-VirtualBox:~/Documentos/aulaGITFlow$ git flow feature finish \_incluir_endereco
Switched to branch 'develop'
Updating 35259ee..9f51268
Fast-forward
comandosGIT | 17 +++++++++++++++++
docs/src/f1.html | 1 +
2 files changed, 18 insertions(+)
Deleted branch feature/\_incluir_endereco (was 9f51268).

Summary of actions:

- The feature branch 'feature/\_incluir_endereco' was merged into 'develop'
- Feature branch 'feature/\_incluir_endereco' has been locally deleted
- You are now on branch 'develop'

fernandorc@fernandorc-VirtualBox:~/Documentos/aulaGITFlow$

Terceiro exemplo

git flow feature start \_1.0.4
git flow feature finish \_1.0.4
git checkout master
Switched to branch 'master'
git flow release start \_1.0.4
git flow release finish \_1.0.3

<<<<<<< HEAD
fernandorc@fernandorc-VirtualBox:~/Documentos/aulaGITFlow$ git flow feature finish \_1.0.4
Fatal: Working tree contains unstaged changes. Aborting.
fernandorc@fernandorc-VirtualBox:~/Documentos/aulaGITFlow$ git status
No ramo feature/\_1.0.4
Changes not staged for commit:
(utilize "git add <arquivo>..." para atualizar o que será submetido)
(use "git restore <file>..." to discard changes in working directory)
modified: comandosGIT

nenhuma modificação adicionada à submissão (utilize "git add" e/ou "git commit -a")
fernandorc@fernandorc-VirtualBox:~/Documentos/aulaGITFlow$ git add -A
fernandorc@fernandorc-VirtualBox:~/Documentos/aulaGITFlow$ git commit -m "ajustes para versão 1.0.4"
[feature/_1.0.4 bedf7fb] ajustes para versão 1.0.4
1 file changed, 9 insertions(+)
fernandorc@fernandorc-VirtualBox:~/Documentos/aulaGITFlow$ git flow feature finish \_1.0.4
Switched to branch 'develop'
Updating 7169e39..bedf7fb
Fast-forward
comandosGIT | 9 +++++++++
1 file changed, 9 insertions(+)
Deleted branch feature/\_1.0.4 (was bedf7fb).

Summary of actions:

- The feature branch 'feature/\_1.0.4' was merged into 'develop'
- Feature branch 'feature/\_1.0.4' has been locally deleted
- You are now on branch 'develop'

fernandorc@fernandorc-VirtualBox:~/Documentos/aulaGITFlow$ git flow release start \_1.0.4
Switched to a new branch 'release/\_1.0.4'

Summary of actions:

- A new branch 'release/\_1.0.4' was created, based on 'develop'
- You are now on branch 'release/\_1.0.4'

Follow-up actions:

- Bump the version number now!
- Start committing last-minute fixes in preparing your release
- When done, run:

  git flow release finish '\_1.0.4'

fernandorc@fernandorc-VirtualBox:~/Documentos/aulaGITFlow$ git status
No ramo release/\_1.0.4
nothing to commit, working tree clean
fernandorc@fernandorc-VirtualBox:~/Documentos/aulaGITFlow$ git status
No ramo release/\_1.0.4
Changes not staged for commit:
(utilize "git add <arquivo>..." para atualizar o que será submetido)
(use "git restore <file>..." to discard changes in working directory)
modified: docs/src/f1.html

nenhuma modificação adicionada à submissão (utilize "git add" e/ou "git commit -a")
fernandorc@fernandorc-VirtualBox:~/Documentos/aulaGITFlow$ git add -A
fernandorc@fernandorc-VirtualBox:~/Documentos/aulaGITFlow$ git commit -m "ajustes para versão 1.0.4"
[release/_1.0.4 a6ec397] ajustes para versão 1.0.4
1 file changed, 1 insertion(+)
fernandorc@fernandorc-VirtualBox:~/Documentos/aulaGITFlow$ git flow release finish \_1.0.4
Switched to branch 'master'
Mesclagem automática de comandosGIT
Merge made by the 'recursive' strategy.
comandosGIT | 9 +++++++++
docs/src/f1.html | 1 +
2 files changed, 10 insertions(+)
Already on 'master'
Switched to branch 'develop'
Merge made by the 'recursive' strategy.
comandosGIT | 34 ++++++++++++++++++++++++++++++++++
docs/src/f1.html | 1 +
2 files changed, 35 insertions(+)
Deleted branch release/\_1.0.4 (was a6ec397).

Summary of actions:

- Release branch 'release/\_1.0.4' has been merged into 'master'
- The release was tagged '\_1.0.4'
- Release tag '\_1.0.4' has been back-merged into 'develop'
- Release branch 'release/\_1.0.4' has been locally deleted
- You are now on branch 'develop'

fernandorc@fernandorc-VirtualBox:~/Documentos/aulaGITFlow$ git branch

- develop
  master
  fernandorc@fernandorc-VirtualBox:~/Documentos/aulaGITFlow$
=======
git flow hotfix start \_1.0.5
git add -A
git commit -m "ajustes para hotfix 1.05"
git flow hotfix finish \_1.0.5
>>>>>>> _1.0.5
